Microsoft (R) Macro Assembler Version 14.20.27508.1	    08/28/20 13:53:51
copyString.asm						     Page 1 - 1


				; Copying a String (CopyStr.asm)
				.386
				.model flat,stdcall
				.stack 4096
				ExitProcess proto,dwExitCode:dword
 00000000			.data
 00000000 54 68 69 73 20	source BYTE "This is the source string",0
	   69 73 20 74 68
	   65 20 73 6F 75
	   72 63 65 20 73
	   74 72 69 6E 67
	   00
 0000001A  0000001A [		target BYTE SIZEOF source DUP(0)
	    00
	   ]
 00000000			.code
 00000000			main PROC
 00000000  BE 00000000		mov esi,0 ; index register
 00000005  B9 0000001A		mov ecx,SIZEOF source ; loop counter
 0000000A			L1:
 0000000A  8A 86 00000000 R	mov al,source[esi] ; get a character from source
 00000010  88 86 0000001A R	mov target[esi],al ; store it in the target
 00000016  46			inc esi ; move to next character


 00000017  E2 F1		loop L1 ; repeat for entire string
				invoke ExitProcess,0
 00000019  6A 00	   *	    push   +000000000h
 0000001B  E8 00000000 E   *	    call   ExitProcess
 00000020			main ENDP
				END main
Microsoft (R) Macro Assembler Version 14.20.27508.1	    08/28/20 13:53:51
copyString.asm						     Symbols 2 - 1




Segments and Groups:

                N a m e                 Size     Length   Align   Combine Class

FLAT . . . . . . . . . . . . . .	GROUP
STACK  . . . . . . . . . . . . .	32 Bit	 00001000 DWord	  Stack	  'STACK'	 
_DATA  . . . . . . . . . . . . .	32 Bit	 00000034 DWord	  Public  'DATA'	
_TEXT  . . . . . . . . . . . . .	32 Bit	 00000020 DWord	  Public  'CODE'	


Procedures, parameters, and locals:

                N a m e                 Type     Value    Attr

ExitProcess  . . . . . . . . . .	P Near	 00000000 FLAT	Length= 00000000 External STDCALL
main . . . . . . . . . . . . . .	P Near	 00000000 _TEXT	Length= 00000020 Public STDCALL
  L1 . . . . . . . . . . . . . .	L Near	 0000000A _TEXT	


Symbols:

                N a m e                 Type     Value    Attr

@CodeSize  . . . . . . . . . . .	Number	 00000000h   
@DataSize  . . . . . . . . . . .	Number	 00000000h   
@Interface . . . . . . . . . . .	Number	 00000003h   
@Model . . . . . . . . . . . . .	Number	 00000007h   
@code  . . . . . . . . . . . . .	Text   	 _TEXT
@data  . . . . . . . . . . . . .	Text   	 FLAT
@fardata?  . . . . . . . . . . .	Text   	 FLAT
@fardata . . . . . . . . . . . .	Text   	 FLAT
@stack . . . . . . . . . . . . .	Text   	 FLAT
source . . . . . . . . . . . . .	Byte	 00000000 _DATA	
target . . . . . . . . . . . . .	Byte	 0000001A _DATA	

	   0 Warnings
	   0 Errors
